ERC report (2026-02-17T22:49:39-0500, Encoding UTF8)

***** Sheet /
[lib_symbol_mismatch]: Symbol 'VCC' doesn't match copy in library 'power'
    ; warning
    @(38.10 mm, 30.48 mm): Symbol #PWR02 [VCC]
[lib_symbol_mismatch]: Symbol 'VCC' doesn't match copy in library 'power'
    ; warning
    @(38.10 mm, 30.48 mm): Symbol #PWR03 [VCC]
[lib_symbol_mismatch]: Symbol 'PWR_FLAG' doesn't match copy in library 'power'
    ; warning
    @(43.18 mm, 35.56 mm): Symbol #FLG01 [PWR_FLAG]
[lib_symbol_mismatch]: Symbol 'C' doesn't match copy in library 'Device'
    ; warning
    @(38.10 mm, 43.18 mm): Symbol C1 [C]
[lib_symbol_mismatch]: Symbol 'GND' doesn't match copy in library 'power'
    ; warning
    @(38.10 mm, 49.53 mm): Symbol #PWR07 [GND]
[lib_symbol_mismatch]: Symbol '+3V3' doesn't match copy in library 'power'
    ; warning
    @(63.50 mm, 30.48 mm): Symbol #PWR05 [+3V3]
[lib_symbol_mismatch]: Symbol 'GND' doesn't match copy in library 'power'
    ; warning
    @(50.80 mm, 50.80 mm): Symbol #PWR04 [GND]
[lib_symbol_mismatch]: Symbol 'PWR_FLAG' doesn't match copy in library 'power'
    ; warning
    @(55.88 mm, 48.26 mm): Symbol #FLG02 [PWR_FLAG]
[lib_symbol_mismatch]: Symbol 'C' doesn't match copy in library 'Device'
    ; warning
    @(63.50 mm, 43.18 mm): Symbol C2 [C]
[lib_symbol_mismatch]: Symbol 'GND' doesn't match copy in library 'power'
    ; warning
    @(63.50 mm, 49.53 mm): Symbol #PWR09 [GND]
[lib_symbol_mismatch]: Symbol 'FerriteBead' doesn't match copy in library 'Device'
    ; warning
    @(73.66 mm, 35.56 mm): Symbol FB1 [FerriteBead]
[lib_symbol_mismatch]: Symbol 'C' doesn't match copy in library 'Device'
    ; warning
    @(77.47 mm, 43.18 mm): Symbol C3 [C]
[lib_symbol_mismatch]: Symbol 'GND' doesn't match copy in library 'power'
    ; warning
    @(77.47 mm, 49.53 mm): Symbol #PWR12 [GND]
[lib_symbol_mismatch]: Symbol 'R' doesn't match copy in library 'Device'
    ; warning
    @(93.98 mm, 86.36 mm): Symbol R1 [R]
[lib_symbol_mismatch]: Symbol 'GND' doesn't match copy in library 'power'
    ; warning
    @(93.98 mm, 92.71 mm): Symbol #PWR30 [GND]
[lib_symbol_mismatch]: Symbol 'R' doesn't match copy in library 'Device'
    ; warning
    @(99.06 mm, 88.90 mm): Symbol R2 [R]
[lib_symbol_mismatch]: Symbol 'GND' doesn't match copy in library 'power'
    ; warning
    @(99.06 mm, 95.25 mm): Symbol #PWR32 [GND]
[lib_symbol_mismatch]: Symbol 'R' doesn't match copy in library 'Device'
    ; warning
    @(104.14 mm, 91.44 mm): Symbol R3 [R]
[lib_symbol_mismatch]: Symbol 'GND' doesn't match copy in library 'power'
    ; warning
    @(104.14 mm, 97.79 mm): Symbol #PWR34 [GND]
[lib_symbol_mismatch]: Symbol '+3V3' doesn't match copy in library 'power'
    ; warning
    @(127.00 mm, 66.04 mm): Symbol #PWR16 [+3V3]
[lib_symbol_mismatch]: Symbol 'R' doesn't match copy in library 'Device'
    ; warning
    @(109.22 mm, 93.98 mm): Symbol R4 [R]
[lib_symbol_mismatch]: Symbol 'R' doesn't match copy in library 'Device'
    ; warning
    @(104.14 mm, 101.60 mm): Symbol R5 [R]
[lib_symbol_mismatch]: Symbol 'GND' doesn't match copy in library 'power'
    ; warning
    @(105.41 mm, 101.60 mm): Symbol #PWR38 [GND]
[lib_symbol_mismatch]: Symbol '+3V3' doesn't match copy in library 'power'
    ; warning
    @(132.08 mm, 66.04 mm): Symbol #PWR17 [+3V3]
[lib_symbol_mismatch]: Symbol 'GND' doesn't match copy in library 'power'
    ; warning
    @(109.22 mm, 100.33 mm): Symbol #PWR36 [GND]
[lib_symbol_mismatch]: Symbol '+3V3' doesn't match copy in library 'power'
    ; warning
    @(137.16 mm, 66.04 mm): Symbol #PWR18 [+3V3]
[lib_symbol_mismatch]: Symbol '+3V3' doesn't match copy in library 'power'
    ; warning
    @(142.24 mm, 67.31 mm): Symbol #PWR27 [+3V3]
[lib_symbol_mismatch]: Symbol 'C' doesn't match copy in library 'Device'
    ; warning
    @(142.24 mm, 73.66 mm): Symbol C5 [C]
[lib_symbol_mismatch]: Symbol 'GND' doesn't match copy in library 'power'
    ; warning
    @(142.24 mm, 80.01 mm): Symbol #PWR28 [GND]
[lib_symbol_mismatch]: Symbol 'GND' doesn't match copy in library 'power'
    ; warning
    @(121.92 mm, 114.30 mm): Symbol #PWR19 [GND]
[lib_symbol_mismatch]: Symbol 'GND' doesn't match copy in library 'power'
    ; warning
    @(127.00 mm, 114.30 mm): Symbol #PWR20 [GND]
[lib_symbol_mismatch]: Symbol 'GND' doesn't match copy in library 'power'
    ; warning
    @(132.08 mm, 114.30 mm): Symbol #PWR21 [GND]
[lib_symbol_mismatch]: Symbol 'GND' doesn't match copy in library 'power'
    ; warning
    @(154.94 mm, 91.44 mm): Symbol #PWR25 [GND]
[lib_symbol_mismatch]: Symbol 'C' doesn't match copy in library 'Device'
    ; warning
    @(137.16 mm, 119.38 mm): Symbol C4 [C]
[lib_symbol_mismatch]: Symbol 'GND' doesn't match copy in library 'power'
    ; warning
    @(142.24 mm, 114.30 mm): Symbol #PWR24 [GND]
[lib_symbol_mismatch]: Symbol 'GND' doesn't match copy in library 'power'
    ; warning
    @(137.16 mm, 125.73 mm): Symbol #PWR23 [GND]
[lib_symbol_mismatch]: Symbol 'GND' doesn't match copy in library 'power'
    ; warning
    @(193.04 mm, 39.37 mm): Symbol #PWR40 [GND]
[lib_symbol_mismatch]: Symbol 'GND' doesn't match copy in library 'power'
    ; warning
    @(193.04 mm, 41.91 mm): Symbol #PWR41 [GND]
[lib_symbol_mismatch]: Symbol 'GND' doesn't match copy in library 'power'
    ; warning
    @(193.04 mm, 46.99 mm): Symbol #PWR42 [GND]
[lib_symbol_mismatch]: Symbol 'GND' doesn't match copy in library 'power'
    ; warning
    @(193.04 mm, 52.07 mm): Symbol #PWR43 [GND]
[lib_symbol_mismatch]: Symbol 'GND' doesn't match copy in library 'power'
    ; warning
    @(193.04 mm, 57.15 mm): Symbol #PWR44 [GND]
[global_label_dangling]: Global label not connected anywhere else in the schematic
    ; warning
    @(193.04 mm, 59.69 mm): Global Label 'CS2'
[lib_symbol_mismatch]: Symbol 'GND' doesn't match copy in library 'power'
    ; warning
    @(193.04 mm, 62.23 mm): Symbol #PWR45 [GND]
[lib_symbol_mismatch]: Symbol 'GND' doesn't match copy in library 'power'
    ; warning
    @(193.04 mm, 69.85 mm): Symbol #PWR46 [GND]
[lib_symbol_mismatch]: Symbol 'GND' doesn't match copy in library 'power'
    ; warning
    @(193.04 mm, 72.39 mm): Symbol #PWR47 [GND]
[global_label_dangling]: Global label not connected anywhere else in the schematic
    ; warning
    @(193.04 mm, 74.93 mm): Global Label 'MISO2_A'
[global_label_dangling]: Global label not connected anywhere else in the schematic
    ; warning
    @(193.04 mm, 77.47 mm): Global Label 'MISO2_B'
[lib_symbol_mismatch]: Symbol 'GND' doesn't match copy in library 'power'
    ; warning
    @(193.04 mm, 80.01 mm): Symbol #PWR48 [GND]
[lib_symbol_mismatch]: Symbol 'GND' doesn't match copy in library 'power'
    ; warning
    @(193.04 mm, 82.55 mm): Symbol #PWR49 [GND]
[lib_symbol_mismatch]: Symbol 'VCC' doesn't match copy in library 'power'
    ; warning
    @(193.04 mm, 85.09 mm): Symbol #PWR50 [VCC]
[lib_symbol_mismatch]: Symbol 'VCC' doesn't match copy in library 'power'
    ; warning
    @(193.04 mm, 87.63 mm): Symbol #PWR51 [VCC]
[lib_symbol_mismatch]: Symbol 'GND' doesn't match copy in library 'power'
    ; warning
    @(193.04 mm, 90.17 mm): Symbol #PWR52 [GND]
[lib_symbol_mismatch]: Symbol 'GND' doesn't match copy in library 'power'
    ; warning
    @(193.04 mm, 92.71 mm): Symbol #PWR53 [GND]
[lib_symbol_mismatch]: Symbol 'VCC' doesn't match copy in library 'power'
    ; warning
    @(193.04 mm, 95.25 mm): Symbol #PWR54 [VCC]
[lib_symbol_mismatch]: Symbol 'VCC' doesn't match copy in library 'power'
    ; warning
    @(193.04 mm, 97.79 mm): Symbol #PWR55 [VCC]
[lib_symbol_mismatch]: Symbol 'GND' doesn't match copy in library 'power'
    ; warning
    @(193.04 mm, 100.33 mm): Symbol #PWR56 [GND]
[lib_symbol_mismatch]: Symbol 'GND' doesn't match copy in library 'power'
    ; warning
    @(193.04 mm, 102.87 mm): Symbol #PWR57 [GND]
[global_label_dangling]: Global label not connected anywhere else in the schematic
    ; warning
    @(193.04 mm, 105.41 mm): Global Label 'TEST_SHORT_EN'
[global_label_dangling]: Global label not connected anywhere else in the schematic
    ; warning
    @(193.04 mm, 107.95 mm): Global Label 'CAL_EN'
[lib_symbol_mismatch]: Symbol 'GND' doesn't match copy in library 'power'
    ; warning
    @(193.04 mm, 113.03 mm): Symbol #PWR58 [GND]

 ** ERC messages: 60  Errors 0  Warnings 60
